
> lifelink-backend@1.0.0 test
> cross-env NODE_ENV=test jest --runInBand --detectOpenHandles --forceExit --testTimeout=30000

npm : [baseline-browser-mapping] The data in this module is over two months 
old.  To ensure accurate Baseline data, please update: `npm i 
baseline-browser-mapping@latest -D`
At line:1 char:1
+ npm test -- --forceExit --testTimeout=30000 2>&1 | Tee-Object -FilePa ...
+ ~~~~~~~~~~~~~~~~~~~~~~~~~~~~~~~~~~~~~~~~~~~~~~~~
    + CategoryInfo          : NotSpecified: ([baseline-brows...ping@latest -D` 
   :String) [], RemoteException
    + FullyQualifiedErrorId : NativeCommandError
 
  console.log
    Γä╣∩╕Å  Test environment detected - skipping automatic MongoDB connect

      at Object.log (server.js:60:11)

  console.log
    ≡ƒôº Email sending disabled via DISABLE_EMAILS=true

      at EmailService.log [as setupTransporter] (services/emailService.js:15:15)

(node:24752) [MONGODB DRIVER] Warning: useNewUrlParser is a deprecated option: 
useNewUrlParser has no effect since Node.js Driver version 4.0.0 and will be 
removed in the next major version
(Use `node --trace-warnings ...` to show where the warning was created)
(node:24752) [MONGODB DRIVER] Warning: useUnifiedTopology is a deprecated 
option: useUnifiedTopology has no effect since Node.js Driver version 4.0.0 
and will be removed in the next major version
  console.log
    ≡ƒöÉ Password hashed successfully

      at model.log (models/User.js:78:13)

  console.log
    ≡ƒöÉ Password hashed successfully

      at model.log (models/User.js:78:13)

  console.log
    ≡ƒöÉ Password hashed successfully

      at model.log (models/User.js:78:13)

  console.log
    2026-02-11T18:23:13.827Z - GET /api/admin/dashboard

      at log (server.js:24:11)

  console.log
    2026-02-11T18:23:14.851Z - GET /api/admin/dashboard

      at log (server.js:24:11)

  console.log
    ≡ƒöÉ Password hashed successfully

      at model.log (models/User.js:78:13)

  console.log
    2026-02-11T18:23:16.414Z - GET /api/admin/dashboard

      at log (server.js:24:11)

  console.log
    ≡ƒöÉ Password hashed successfully

      at model.log (models/User.js:78:13)

  console.log
    ≡ƒöÉ Password hashed successfully

      at model.log (models/User.js:78:13)

  console.log
    ≡ƒöÉ Password hashed successfully

      at model.log (models/User.js:78:13)

  console.log
    ≡ƒöÉ Password hashed successfully

      at model.log (models/User.js:78:13)

  console.log
    2026-02-11T18:23:20.153Z - GET /api/admin/hospitals

      at log (server.js:24:11)

  console.log
    ≡ƒöÉ Password hashed successfully

      at model.log (models/User.js:78:13)

  console.log
    ≡ƒöÉ Password hashed successfully

      at model.log (models/User.js:78:13)

  console.log
    2026-02-11T18:23:22.225Z - GET /api/admin/hospitals

      at log (server.js:24:11)

  console.log
    ≡ƒöÉ Password hashed successfully

      at model.log (models/User.js:78:13)

  console.log
    ≡ƒöÉ Password hashed successfully

      at model.log (models/User.js:78:13)

  console.log
    2026-02-11T18:23:24.133Z - PUT /api/admin/hospitals/698cc91c51db55872d0dcaba/approve

      at log (server.js:24:11)

  console.log
    ≡ƒöÉ Password hashed successfully

      at model.log (models/User.js:78:13)

  console.log
    2026-02-11T18:23:25.115Z - PUT /api/admin/hospitals/698cc91d51db55872d0dcac8/approve

      at log (server.js:24:11)

  console.log
    ≡ƒöÉ Password hashed successfully

      at model.log (models/User.js:78:13)

  console.log
    ≡ƒöÉ Password hashed successfully

      at model.log (models/User.js:78:13)

  console.log
    2026-02-11T18:23:26.924Z - PUT /api/admin/hospitals/698cc91e51db55872d0dcad5/reject

      at log (server.js:24:11)

  console.log
    ≡ƒôº Email disabled - skipping send to test1770834206022@test.com

      at EmailService.log [as sendEmail] (services/emailService.js:49:15)

  console.log
    Email sent to Test Hospital for rejection

      at log (routes/admin.js:1543:15)

  console.log
    ≡ƒöÉ Password hashed successfully

      at model.log (models/User.js:78:13)

  console.log
    ≡ƒöÉ Password hashed successfully
